// Jest Snapshot v1, https://goo.gl/fbAQLP

exports[`renders correctly 1`] = `
<div>
  <header>
    <h1>
      Welcome to React
    </h1>
  </header>
  <p>
    To get started, edit 
    <code>
      src/App.js
    </code>
     and save to reload.
  </p>
</div>
`;
